
> fundsnest@0.0.0 build
> vite build

[36mvite v5.4.8 [32mbuilding for production...[36m[39m
transforming...
node.exe : Browserslist: 
caniuse-lite is outdated. 
Please run:
At C:\Program 
Files\nodejs\npm.ps1:29 
char:3
+   & $NODE_EXE 
$NPM_CLI_JS $args
+   ~~~~~~~~~~~~~~~~~~~~~~
~~~~~~~
    + CategoryInfo        
      : NotSpecified: (B  
  rowserslist: c...ed.    
 Please run::String) [    
], RemoteException
    + FullyQualifiedError 
   Id : NativeCommandErr  
  or
 
  npx update-browserslist-
db@latest
  Why you should do it 
regularly: https://github.
com/browserslist/update-db
#readme
[32mΓ£ô[39m 2388 modules transformed.
[31mx[39m Build failed 
in 3.45s
[31merror during build:
[31msrc/components/Studen
tStartupDashboard.tsx 
(13:9): 
"PitchAnalysisView" is 
not exported by "src/compo
nents/PitchAnalysisView.js
x", imported by "src/compo
nents/StudentStartupDashbo
ard.tsx".[31m
file: [36mC:/Users/syadr/
Downloads/FundsNest-main/F
undsNest-main/src/componen
ts/StudentStartupDashboard
.tsx:13:9[31m
[33m
11: import { Settings } 
from './Settings'
12: // @ts-ignore
13: import { 
PitchAnalysisView } from 
'./PitchAnalysisView'
             ^
14: import { CallList } 
from './CallList'
[31m
    at getRollupError (fil
e:///C:/Users/syadr/Downlo
ads/FundsNest-main/FundsNe
st-main/node_modules/rollu
p/dist/es/shared/parseAst.
js:395:41)
    at error (file:///C:/U
sers/syadr/Downloads/Funds
Nest-main/FundsNest-main/n
ode_modules/rollup/dist/es
/shared/parseAst.js:391:42
)
    at Module.error (file:
///C:/Users/syadr/Download
s/FundsNest-main/FundsNest
-main/node_modules/rollup/
dist/es/shared/node-entry.
js:15535:16)
    at 
Module.traceVariable (file
:///C:/Users/syadr/Downloa
ds/FundsNest-main/FundsNes
t-main/node_modules/rollup
/dist/es/shared/node-entry
.js:15984:29)
    at 
ModuleScope.findVariable (
file:///C:/Users/syadr/Dow
nloads/FundsNest-main/Fund
sNest-main/node_modules/ro
llup/dist/es/shared/node-e
ntry.js:13770:39)
    at FunctionScope.findV
ariable (file:///C:/Users/
syadr/Downloads/FundsNest-
main/FundsNest-main/node_m
odules/rollup/dist/es/shar
ed/node-entry.js:5252:38)
    at FunctionBodyScope.f
indVariable (file:///C:/Us
ers/syadr/Downloads/FundsN
est-main/FundsNest-main/no
de_modules/rollup/dist/es/
shared/node-entry.js:5252:
38)
    at ReturnValueScope.fi
ndVariable (file:///C:/Use
rs/syadr/Downloads/FundsNe
st-main/FundsNest-main/nod
e_modules/rollup/dist/es/s
hared/node-entry.js:5252:3
8)
    at FunctionBodyScope.f
indVariable (file:///C:/Us
ers/syadr/Downloads/FundsN
est-main/FundsNest-main/no
de_modules/rollup/dist/es/
shared/node-entry.js:5252:
38)
    at 
BlockScope.findVariable (f
ile:///C:/Users/syadr/Down
loads/FundsNest-main/Funds
Nest-main/node_modules/rol
lup/dist/es/shared/node-en
try.js:5252:38)[39m
